// Jest Snapshot v1, https://goo.gl/fbAQLP

exports[`FavoriteButton responds to press events 1`] = `
<View
  accessibilityState={
    {
      "busy": undefined,
      "checked": undefined,
      "disabled": undefined,
      "expanded": undefined,
      "selected": undefined,
    }
  }
  accessibilityValue={
    {
      "max": undefined,
      "min": undefined,
      "now": undefined,
      "text": undefined,
    }
  }
  accessible={true}
  collapsable={false}
  focusable={true}
  onClick={[Function]}
  onResponderGrant={[Function]}
  onResponderMove={[Function]}
  onResponderRelease={[Function]}
  onResponderTerminate={[Function]}
  onResponderTerminationRequest={[Function]}
  onStartShouldSetResponder={[Function]}
  style={
    {
      "opacity": 1,
    }
  }
  testID="button"
>
  <Image
    source={
      {
        "testUri": "../../../src/icons/heartIcon.png",
      }
    }
    style={
      {
        "height": 40,
        "marginTop": 130,
        "width": 40,
      }
    }
  />
</View>
`;
